---
source: src/port_diff/rewrite.rs
expression: pg.dot_string()
---
digraph {
0 [shape=plain label=<<table border="1"><tr><td align="text" border="0" colspan="3">0</td></tr><tr><td port="out0" align="text" colspan="1" cellpadding="1" >0</td><td port="out1" align="text" colspan="1" cellpadding="1" >1</td><td port="out2" align="text" colspan="1" cellpadding="1" >2</td></tr></table>>]
0:out0 -> 2:in0 [style=""]
0:out1 -> 2:in1 [style=""]
0:out2 -> 2:in2 [style=""]
1 [shape=plain label=<<table border="1"><tr><td port="in0" align="text" colspan="1" cellpadding="1" >0</td><td port="in1" align="text" colspan="1" cellpadding="1" >1</td><td port="in2" align="text" colspan="1" cellpadding="1" >2</td></tr><tr><td align="text" border="0" colspan="3">1</td></tr></table>>]
2 [shape=plain label=<<table border="1"><tr><td port="in0" align="text" colspan="4" cellpadding="1" >0</td><td port="in1" align="text" colspan="4" cellpadding="1" >1</td><td port="in2" align="text" colspan="4" cellpadding="1" >2</td></tr><tr><td align="text" border="0" colspan="12">2</td></tr><tr><td port="out0" align="text" colspan="3" cellpadding="1" >0</td><td port="out1" align="text" colspan="3" cellpadding="1" >1</td><td port="out2" align="text" colspan="3" cellpadding="1" >2</td><td port="out3" align="text" colspan="3" cellpadding="1" >3</td></tr></table>>]
2:out0 -> 4:in0 [style=""]
2:out3 -> 3:in0 [style=""]
3 [shape=plain label=<<table border="1"><tr><td port="in0" align="text" colspan="1" cellpadding="1" >0</td></tr><tr><td align="text" border="0" colspan="1">3</td></tr></table>>]
4 [shape=plain label=<<table border="1"><tr><td port="in0" align="text" colspan="4" cellpadding="1" >0</td></tr><tr><td align="text" border="0" colspan="4">4</td></tr><tr><td port="out0" align="text" colspan="1" cellpadding="1" >0</td><td port="out1" align="text" colspan="1" cellpadding="1" >1</td><td port="out2" align="text" colspan="1" cellpadding="1" >2</td><td port="out3" align="text" colspan="1" cellpadding="1" >3</td></tr></table>>]
4:out0 -> 1:in0 [style=""]
4:out1 -> 1:in1 [style=""]
4:out2 -> 1:in2 [style=""]
4:out3 -> 5:in0 [style=""]
5 [shape=plain label=<<table border="1"><tr><td port="in0" align="text" colspan="1" cellpadding="1" >0</td></tr><tr><td align="text" border="0" colspan="1">5</td></tr></table>>]
}
