---
source: src/port_diff/rewrite.rs
expression: pg.dot_string()
---
digraph {
0 [shape=plain label=<<table border="1"><tr><td port="in0" align="text" colspan="4" cellpadding="1" >0</td><td port="in1" align="text" colspan="4" cellpadding="1" >1</td><td port="in2" align="text" colspan="4" cellpadding="1" >2</td></tr><tr><td align="text" border="0" colspan="12">0</td></tr><tr><td port="out0" align="text" colspan="3" cellpadding="1" >0</td><td port="out1" align="text" colspan="3" cellpadding="1" >1</td><td port="out2" align="text" colspan="3" cellpadding="1" >2</td><td port="out3" align="text" colspan="3" cellpadding="1" >3</td></tr></table>>]
0:out0 -> 1:in0 [style=""]
0:out3 -> 3:in3 [style=""]
1 [shape=plain label=<<table border="1"><tr><td port="in0" align="text" colspan="4" cellpadding="1" >0</td></tr><tr><td align="text" border="0" colspan="4">1</td></tr><tr><td port="out0" align="text" colspan="1" cellpadding="1" >0</td><td port="out1" align="text" colspan="1" cellpadding="1" >1</td><td port="out2" align="text" colspan="1" cellpadding="1" >2</td><td port="out3" align="text" colspan="1" cellpadding="1" >3</td></tr></table>>]
1:out0 -> 5:in0 [style=""]
1:out1 -> 5:in1 [style=""]
1:out2 -> 5:in2 [style=""]
1:out3 -> 2:in3 [style=""]
2 [shape=plain label=<<table border="1"><tr><td port="in0" align="text" colspan="1" cellpadding="1" >0</td><td port="in1" align="text" colspan="1" cellpadding="1" >1</td><td port="in2" align="text" colspan="1" cellpadding="1" >2</td><td port="in3" align="text" colspan="1" cellpadding="1" >3</td></tr><tr><td align="text" border="0" colspan="4">2</td></tr></table>>]
3 [shape=plain label=<<table border="1"><tr><td port="in0" align="text" colspan="1" cellpadding="1" >0</td><td port="in1" align="text" colspan="1" cellpadding="1" >1</td><td port="in2" align="text" colspan="1" cellpadding="1" >2</td><td port="in3" align="text" colspan="1" cellpadding="1" >3</td></tr><tr><td align="text" border="0" colspan="4">3</td></tr></table>>]
4 [shape=plain label=<<table border="1"><tr><td align="text" border="0" colspan="3">4</td></tr><tr><td port="out0" align="text" colspan="1" cellpadding="1" >0</td><td port="out1" align="text" colspan="1" cellpadding="1" >1</td><td port="out2" align="text" colspan="1" cellpadding="1" >2</td></tr></table>>]
4:out0 -> 0:in0 [style=""]
4:out1 -> 0:in1 [style=""]
4:out2 -> 0:in2 [style=""]
5 [shape=plain label=<<table border="1"><tr><td port="in0" align="text" colspan="1" cellpadding="1" >0</td><td port="in1" align="text" colspan="1" cellpadding="1" >1</td><td port="in2" align="text" colspan="1" cellpadding="1" >2</td></tr><tr><td align="text" border="0" colspan="3">5</td></tr></table>>]
}
